name="star freighter"
[room]
x="0"
y="50"
z="0"
lengthx="51"
lengthy="51"
depth="0"
sound="sounds/relative/room27.wav"
type="weed"

[door house]
x="0"
y="-1"
z="32"
opensound="sounds/doors/wooden3/open.wav"
closesound="sounds/doors/wooden2/close.wav"

[room3]
x="0"
y="15"
z="6"
lengthx="47"
lengthy="50"
depth="0"
sound="sounds/relative/room2.wav"
type="concrete"

[room2]
x="0"
y="25"
z="3"
lengthx="47"
lengthy="50"
depth="0"
sound="sounds/relative/room2.wav"
type="concrete"
[room4]
x="0"
y="5"
z="11"
lengthx="48"
lengthy="50"
depth="0"
sound="sounds/relative/room2.wav"
type="concrete"

[room5]
x="25"
y="25"
z="0"
lengthx="25"
lengthy="1"
depth="5"
sound="sounds/relative/room27.wav"
type="concrete"

[roomedgestairs]
x="0"
y="0"
z="12"
lengthx="1"
lengthy="2"
depth="20"
sound="sounds/relative/room2.wav"
type="dirt2|dirt|concrete"

[wall]
x="-1"
y="50"
z="0"
length="51"
depth="20"
side="1"

[wall2]
x="51"
y="50"
z="0"
length="51"
depth="20"
side="1"

[wall3]
x="0"
y="-1"
z="0"
length="1"
depth="20"
side="51"

[wall4]
x="0"
y="51"
z="0"
length="1"
depth="20"
side="51"


[wallhouse entrance]
x="-5"
y="-1"
z="32"
side="5"
length="1"
depth="10"

[wallhouse entrance2]
x="1"
y="-1"
z="32"
side="6"
length="1"
depth="10"

[room house entrance]
x="-5"
y="-2"
z="32"
lengthx="11"
lengthy="11"
depth="0"
type="concrete"
sound="sounds/relative/room3.wav"

[randomambience]
x="22"
y="25"
z="0"
sounds="sounds/doors/wooden1/open.wav,sounds/doors/wooden1/close.wav"
time="2000"
reference_distance="5"
rolloff_factor="3.3"
